// Jest Snapshot v1, https://goo.gl/fbAQLP

exports[`Home Component should match snapshot 1`] = `
<section
  id="showcase"
>
  <div
    className="container"
  >
    <h1>
      Affordable meals, delivered very fast to your doorstep
    </h1>
    <NavLink
      activeClassName="active"
      aria-current="page"
      to="/menu"
    >
      <button
        className="button_1"
        type="button"
      >
        Food Menu
      </button>
    </NavLink>
  </div>
</section>
`;
