// Jest Snapshot v1, https://goo.gl/fbAQLP

exports[`OrderHistoryCards Component should match snapshot 1`] = `
<div
  class="container"
>
  <div
    class="old-order"
  >
    <p>
      <label
        htmlFor="orderno"
      >
        Order No. :
      </label>
      <span />
    </p>
    <p>
      <label
        htmlFor="orderdate"
      >
        Order Date :
      </label>
      <span>
        Invalid Date
      </span>
    </p>
    <p>
      <label
        htmlFor="totalprice"
      >
        Total Amount :
      </label>
      <span>
        ₦
      </span>
    </p>
    <p>
      <label
        htmlFor="status"
      >
        Status :
      </label>
       
      <span />
    </p>
  </div>
  <div
    class="old-order"
  >
    <p>
      <label
        htmlFor="orderno"
      >
        Order No. :
      </label>
      <span />
    </p>
    <p>
      <label
        htmlFor="orderdate"
      >
        Order Date :
      </label>
      <span>
        Invalid Date
      </span>
    </p>
    <p>
      <label
        htmlFor="totalprice"
      >
        Total Amount :
      </label>
      <span>
        ₦
      </span>
    </p>
    <p>
      <label
        htmlFor="status"
      >
        Status :
      </label>
       
      <span />
    </p>
  </div>
  <div
    class="old-order"
  >
    <p>
      <label
        htmlFor="orderno"
      >
        Order No. :
      </label>
      <span />
    </p>
    <p>
      <label
        htmlFor="orderdate"
      >
        Order Date :
      </label>
      <span>
        Invalid Date
      </span>
    </p>
    <p>
      <label
        htmlFor="totalprice"
      >
        Total Amount :
      </label>
      <span>
        ₦
      </span>
    </p>
    <p>
      <label
        htmlFor="status"
      >
        Status :
      </label>
       
      <span />
    </p>
  </div>
  <div
    class="old-order"
  >
    <p>
      <label
        htmlFor="orderno"
      >
        Order No. :
      </label>
      <span />
    </p>
    <p>
      <label
        htmlFor="orderdate"
      >
        Order Date :
      </label>
      <span>
        Invalid Date
      </span>
    </p>
    <p>
      <label
        htmlFor="totalprice"
      >
        Total Amount :
      </label>
      <span>
        ₦
      </span>
    </p>
    <p>
      <label
        htmlFor="status"
      >
        Status :
      </label>
       
      <span />
    </p>
  </div>
</div>
`;
