// Jest Snapshot v1, https://goo.gl/fbAQLP

exports[`OrderCards Component should match snapshot 1`] = `
<div>
  <div
    class="new-order"
  >
    <div
      class="order-details"
    >
      <p>
        <label
          for="orderno"
        >
          Order No. :
        </label>
        <span />
      </p>
      <p>
        <label
          for="orderdate"
        >
          Order Date :
        </label>
        <span>
          Invalid Date
        </span>
      </p>
      <p>
        <label
          for="totalprice"
        >
          Total Amount :
        </label>
        <span>
          ₦
        </span>
      </p>
      <p>
        <label
          for="status"
        >
          Status :
        </label>
        <span />
      </p>
    </div>
    <div
      class="order-commands"
    >
      <p>
        <input
          class="button"
          name=""
          type="button"
          value="Accept"
        />
      </p>
      <p>
        <input
          class="button"
          name=""
          type="button"
          value="Decline"
        />
      </p>
      <p>
        <input
          class="button"
          name=""
          type="button"
          value="Mark as Fulfilled"
        />
      </p>
    </div>
  </div>
  <div
    class="new-order"
  >
    <div
      class="order-details"
    >
      <p>
        <label
          for="orderno"
        >
          Order No. :
        </label>
        <span />
      </p>
      <p>
        <label
          for="orderdate"
        >
          Order Date :
        </label>
        <span>
          Invalid Date
        </span>
      </p>
      <p>
        <label
          for="totalprice"
        >
          Total Amount :
        </label>
        <span>
          ₦
        </span>
      </p>
      <p>
        <label
          for="status"
        >
          Status :
        </label>
        <span />
      </p>
    </div>
    <div
      class="order-commands"
    >
      <p>
        <input
          class="button"
          name=""
          type="button"
          value="Accept"
        />
      </p>
      <p>
        <input
          class="button"
          name=""
          type="button"
          value="Decline"
        />
      </p>
      <p>
        <input
          class="button"
          name=""
          type="button"
          value="Mark as Fulfilled"
        />
      </p>
    </div>
  </div>
  <div
    class="new-order"
  >
    <div
      class="order-details"
    >
      <p>
        <label
          for="orderno"
        >
          Order No. :
        </label>
        <span />
      </p>
      <p>
        <label
          for="orderdate"
        >
          Order Date :
        </label>
        <span>
          Invalid Date
        </span>
      </p>
      <p>
        <label
          for="totalprice"
        >
          Total Amount :
        </label>
        <span>
          ₦
        </span>
      </p>
      <p>
        <label
          for="status"
        >
          Status :
        </label>
        <span />
      </p>
    </div>
    <div
      class="order-commands"
    >
      <p>
        <input
          class="button"
          name=""
          type="button"
          value="Accept"
        />
      </p>
      <p>
        <input
          class="button"
          name=""
          type="button"
          value="Decline"
        />
      </p>
      <p>
        <input
          class="button"
          name=""
          type="button"
          value="Mark as Fulfilled"
        />
      </p>
    </div>
  </div>
  <div
    class="new-order"
  >
    <div
      class="order-details"
    >
      <p>
        <label
          for="orderno"
        >
          Order No. :
        </label>
        <span />
      </p>
      <p>
        <label
          for="orderdate"
        >
          Order Date :
        </label>
        <span>
          Invalid Date
        </span>
      </p>
      <p>
        <label
          for="totalprice"
        >
          Total Amount :
        </label>
        <span>
          ₦
        </span>
      </p>
      <p>
        <label
          for="status"
        >
          Status :
        </label>
        <span />
      </p>
    </div>
    <div
      class="order-commands"
    >
      <p>
        <input
          class="button"
          name=""
          type="button"
          value="Accept"
        />
      </p>
      <p>
        <input
          class="button"
          name=""
          type="button"
          value="Decline"
        />
      </p>
      <p>
        <input
          class="button"
          name=""
          type="button"
          value="Mark as Fulfilled"
        />
      </p>
    </div>
  </div>
</div>
`;
